2026/06/30 18:23:09 #WARNING! Build is unknown. .infer_build first.
2026/06/30 18:23:09 #WARNING! Version of genomic coordinates is unknown for homo sapiens (build: 99)...
2026/06/30 18:23:09 Start to extract lead variants ...(v4.1.9)
2026/06/30 18:23:09  -Current Dataframe shape : 907939 x 18 ; Memory usage: 101.31 MB
2026/06/30 18:23:09  -Processing 907939 variants...
2026/06/30 18:23:09  -Significance threshold : 5e-08
2026/06/30 18:23:09  -Sliding window size: 500.0  kb
2026/06/30 18:23:10  -Using P for extracting lead variants...
2026/06/30 18:23:10  -Found 43 significant variants in total...
2026/06/30 18:23:10  -Identified 4 lead variants!
2026/06/30 18:23:10  -Time taken: 0.331s
2026/06/30 18:23:10 Finished extracting lead variants.
2026/06/30 18:23:10 #WARNING! Build is unknown. .infer_build first.
2026/06/30 18:23:10 Configured plot style for plot_mqq:mqq
2026/06/30 18:23:10 Starting Manhattan-QQ plot creation (Version v4.1.9)
2026/06/30 18:23:10 #WARNING! Version of genomic coordinates is unknown for homo sapiens (build: 99)...
2026/06/30 18:23:10  - Genomic coordinates version: 99 ...
2026/06/30 18:23:10 #WARNING! Genomic coordinates version is unknown.
2026/06/30 18:23:10  - Genome-wide significance level to plot is set to 5e-08 ...
2026/06/30 18:23:10  - Input sumstats contains 907939 variants...
2026/06/30 18:23:10  - Manhattan-QQ plot layout mode selected: mqq
2026/06/30 18:23:10 Finished loading specified columns from the statistics
2026/06/30 18:23:10 Start data conversion and sanity check:
2026/06/30 18:23:10  -Sumstats P values are being converted to -log10(P)...
2026/06/30 18:23:10  -Converting data above cut line...
2026/06/30 18:23:10  -Maximum -log10(P) value is 14.772946706439042 .
2026/06/30 18:23:10 Finished data conversion and sanity check.
2026/06/30 18:23:10 Start to create Manhattan-QQ plot with 907939 variants...
2026/06/30 18:23:11  -Creating background plot...
2026/06/30 18:23:13 Finished creating Manhattan-QQ plot successfully
2026/06/30 18:23:13 Start to extract variants for annotation...
2026/06/30 18:23:13  -Found 4 lead variants with a sliding window size of 500 kb (scaled threshold: 7.301029995663981)...
2026/06/30 18:23:13 Finished extracting variants for annotation...
2026/06/30 18:23:13 Start to create QQ plot with 907939 variants:
2026/06/30 18:23:13  -Plotting all variants...
2026/06/30 18:23:14  -Expected range of P: (0,1.0)
2026/06/30 18:23:14  -Lambda GC (MLOG10P mode) at 0.5 is   0.98908
2026/06/30 18:23:14 Finished creating QQ plot successfully!
2026/06/30 18:23:14 Start to save figure...
findfont: Font family 'Arial' not found.
findfont: Font family 'Arial' not found.
findfont: Font family 'Arial' not found.
findfont: Font family 'Arial' not found.
findfont: Font family 'Arial' not found.
findfont: Font family 'Arial' not found.
findfont: Font family 'Arial' not found.
findfont: Font family 'Arial' not found.
findfont: Font family 'Arial' not found.
findfont: Font family 'Arial' not found.
findfont: Font family 'Arial' not found.
findfont: Font family 'Arial' not found.
findfont: Font family 'Arial' not found.
findfont: Font family 'Arial' not found.
findfont: Font family 'Arial' not found.
findfont: Font family 'Arial' not found.
findfont: Font family 'Arial' not found.
findfont: Font family 'Arial' not found.
findfont: Font family 'Arial' not found.
findfont: Font family 'Arial' not found.
findfont: Font family 'Arial' not found.
findfont: Font family 'Arial' not found.
findfont: Font family 'Arial' not found.
findfont: Font family 'Arial' not found.
findfont: Font family 'Arial' not found.
findfont: Font family ['Arial'] not found. Falling back to DejaVu Sans.
findfont: Font family 'Arial' not found.
findfont: Font family 'Arial' not found.
findfont: Font family 'Arial' not found.
findfont: Font family 'Arial' not found.
findfont: Font family 'Arial' not found.
findfont: Font family 'Arial' not found.
findfont: Font family 'Arial' not found.
findfont: Font family 'Arial' not found.
findfont: Font family 'Arial' not found.
findfont: Font family 'Arial' not found.
findfont: Font family 'Arial' not found.
findfont: Font family 'Arial' not found.
findfont: Font family 'Arial' not found.
findfont: Font family 'Arial' not found.
findfont: Font family 'Arial' not found.
findfont: Font family 'Arial' not found.
findfont: Font family 'Arial' not found.
findfont: Font family 'Arial' not found.
findfont: Font family 'Arial' not found.
findfont: Font family 'Arial' not found.
findfont: Font family 'Arial' not found.
findfont: Font family 'Arial' not found.
findfont: Font family 'Arial' not found.
findfont: Font family 'Arial' not found.
findfont: Font family 'Arial' not found.
findfont: Font family 'Arial' not found.
findfont: Font family 'Arial' not found.
findfont: Font family 'Arial' not found.
findfont: Font family 'Arial' not found.
findfont: Font family 'Arial' not found.
findfont: Font family 'Arial' not found.
findfont: Font family 'Arial' not found.
findfont: Font family 'Arial' not found.
findfont: Font family 'Arial' not found.
findfont: Font family 'Arial' not found.
findfont: Font family 'Arial' not found.
findfont: Font family 'Arial' not found.
findfont: Font family 'Arial' not found.
findfont: Font family 'Arial' not found.
findfont: Font family 'Arial' not found.
findfont: Font family 'Arial' not found.
findfont: Font family 'Arial' not found.
findfont: Font family 'Arial' not found.
findfont: Font family 'Arial' not found.
findfont: Font family 'Arial' not found.
findfont: Font family 'Arial' not found.
findfont: Font family 'Arial' not found.
findfont: Font family 'Arial' not found.
findfont: Font family 'Arial' not found.
findfont: Font family 'Arial' not found.
findfont: Font family 'Arial' not found.
findfont: Font family 'Arial' not found.
findfont: Font family 'Arial' not found.
findfont: Font family 'Arial' not found.
findfont: Font family 'Arial' not found.
findfont: Font family 'Arial' not found.
findfont: Font family 'Arial' not found.
findfont: Font family 'Arial' not found.
findfont: Font family 'Arial' not found.
findfont: Font family 'Arial' not found.
findfont: Font family 'Arial' not found.
findfont: Font family 'Arial' not found.
findfont: Font family 'Arial' not found.
findfont: Font family 'Arial' not found.
findfont: Font family 'Arial' not found.
findfont: Font family 'Arial' not found.
findfont: Font family 'Arial' not found.
findfont: Font family 'Arial' not found.
findfont: Font family 'Arial' not found.
findfont: Font family 'Arial' not found.
findfont: Font family 'Arial' not found.
findfont: Font family 'Arial' not found.
2026/06/30 18:23:22  -Saved to manhattan.png successfully! (png)
2026/06/30 18:23:22 Finished saving figure...
2026/06/30 18:23:22 Finished creating plot successfully
