PLINK v1.9.0-b.8 64-bit (22 Oct 2024)
Options in effect:
  --bfile /home/sagemaker-user/GWASTutorial/01_Dataset/1KG.EAS.auto.snp.norm.nodup.split.rare002.common015.missing
  --extract locus_20_42758834.snplist
  --keep-allele-order
  --out locus_20_42758834
  --r square

Hostname: default
Working directory: /home/sagemaker-user/nextflow/work/34/b5a453e86687c601b8ba689c72a750
Start time: Tue Jun 30 18:23:31 2026

Random number seed: 1782843811
31720 MB RAM detected; reserving 15860 MB for main workspace.
1235116 variants loaded from .bim file.
504 people (0 males, 0 females, 504 ambiguous) loaded from .fam.
Ambiguous sex IDs written to locus_20_42758834.nosex .
--extract: 345 variants remaining.
Using up to 8 threads (change this with --threads).
Before main variant filters, 504 founders and 0 nonfounders present.
Calculating allele frequencies... done.
Total genotyping rate is 0.992771.
345 variants and 504 people pass filters and QC.
Note: No phenotypes present.
--r square to locus_20_42758834.ld ... done.

End time: Tue Jun 30 18:23:31 2026
