PLINK v1.9.0-b.8 64-bit (22 Oct 2024)
Options in effect:
  --bfile /home/sagemaker-user/GWASTutorial/01_Dataset/1KG.EAS.auto.snp.norm.nodup.split.rare002.common015.missing
  --extract locus_7_134368632.snplist
  --keep-allele-order
  --out locus_7_134368632
  --r square

Hostname: default
Working directory: /home/sagemaker-user/nextflow/work/af/fc52a671ca17c8c5bcb85ddaf9a99d
Start time: Tue Jun 30 18:23:31 2026

Random number seed: 1782843811
31720 MB RAM detected; reserving 15860 MB for main workspace.
1235116 variants loaded from .bim file.
504 people (0 males, 0 females, 504 ambiguous) loaded from .fam.
Ambiguous sex IDs written to locus_7_134368632.nosex .
--extract: 357 variants remaining.
Using up to 8 threads (change this with --threads).
Before main variant filters, 504 founders and 0 nonfounders present.
Calculating allele frequencies... done.
Total genotyping rate is 0.992491.
357 variants and 504 people pass filters and QC.
Note: No phenotypes present.
--r square to locus_7_134368632.ld ... done.

End time: Tue Jun 30 18:23:32 2026
